// Jest Snapshot v1, https://goo.gl/fbAQLP

exports[`Layout should render correctly 1`] = `
<Container
  className="Container"
>
  <MainMenu />
</Container>
`;
